###############################################################################
#
# IAR ELF Linker V9.30.1.335/W64 for ARM                  20/Feb/2023  18:35:59
# Copyright 2007-2022 IAR Systems AB.
#
#    Output file  =
#        D:\Final embedded project Team 24\Debug\Exe\Embedded Project Final
#        Project.out
#    Map file     =
#        D:\Final embedded project Team 24\Debug\List\Embedded Project Final
#        Project.map
#    Command line =
#        -f "D:\Final embedded project Team 24\Debug\Exe\Embedded Project Final
#        Project.out.rsp" ("D:\Final embedded project Team
#        24\Debug\Obj\Buzzer.o" "D:\Final embedded project Team
#        24\Debug\Obj\calculator.o" "D:\Final embedded project Team
#        24\Debug\Obj\DIO.o" "D:\Final embedded project Team
#        24\Debug\Obj\keypad.o" "D:\Final embedded project Team
#        24\Debug\Obj\LCD.o" "D:\Final embedded project Team
#        24\Debug\Obj\main.o" "D:\Final embedded project Team
#        24\Debug\Obj\stopwatch.o" "D:\Final embedded project Team
#        24\Debug\Obj\timer.o" --no_out_extension -o "D:\Final embedded project
#        Team 24\Debug\Exe\Embedded Project Final Project.out" --redirect
#        _Printf=_PrintfFullNoMb --redirect _Scanf=_ScanfFullNoMb --map
#        "D:\Final embedded project Team 24\Debug\List\Embedded Project Final
#        Project.map" --config
#        D:\IAR\arm/config/linker/TexasInstruments/TM4C123GH6.icf --semihosting
#        "D:\Final embedded project Team 24\driverlib\ewarm\Exe\driverlib.a"
#        --entry __iar_program_start --vfe --text_out locale --cpu=Cortex-M4
#        --fpu=VFPv4_sp)
#
###############################################################################

*******************************************************************************
*** MESSAGES
***

Warning[Lt009]: Inconsistent wchar_t size
            gpio.o(driverlib.a) and 5 other objects in driverlib.a have wchar_t
                      size 16 bits
            Buzzer.o and 128 other objects, some of them in m7M_tls.a and 44
                      other libraries have wchar_t size 32 bits


*******************************************************************************
*** RUNTIME MODEL ATTRIBUTES
***

CppFlavor       = *
__CPP_Runtime   = 1
__SystemLibrary = DLib
__dlib_version  = 6


*******************************************************************************
*** HEAP SELECTION
***

The basic heap was selected because --advanced_heap
was not specified and the application did not appear to
be primarily optimized for speed.


*******************************************************************************
*** PLACEMENT SUMMARY
***

"A0":  place at address 0x0 { ro section .intvec };
"P1":  place in [from 0x0 to 0x3'ffff] { ro };
define block CSTACK with size = 4K, alignment = 8 { };
define block HEAP with size = 8K, alignment = 8 { };
"P2":  place in [from 0x2000'0000 to 0x2000'7fff] {
          rw, block CSTACK, block HEAP };
initialize by copy { rw };

  Section            Kind         Address    Size  Object
  -------            ----         -------    ----  ------
"A0":                                        0x40
  .intvec            ro code          0x0    0x40  vector_table_M.o [5]
                                   - 0x40    0x40

"P1":                                       0x3f8
  .text              ro code         0x40   0x14e  gpio.o [3]
  .text              ro code        0x18e    0x2a  copy_init3.o [5]
  .text              ro code        0x1b8    0xa4  main.o [1]
  .text              ro code        0x25c    0x20  sysctl.o [3]
  .text              ro code        0x27c    0x40  systick.o [3]
  .text              ro code        0x2bc    0x30  interrupt.o [3]
  .text              ro code        0x2ec    0x38  zero_init3.o [5]
  .text              ro code        0x324    0x2c  iarttio.o [6]
  .text              ro code        0x350     0x8  XShttio.o [2]
  .text              ro code        0x358    0x28  data_init.o [5]
  .text              ro code        0x380    0x22  fpinit_M.o [4]
  .iar.init_table    const          0x3a4    0x24  - Linker created -
  .text              ro code        0x3c8     0x2  vectortrap_M.o [5]
  .text              ro code        0x3cc    0x1e  cmain.o [5]
  .text              ro code        0x3ea     0x4  low_level_init.o [2]
  .text              ro code        0x3ee     0x4  exit.o [2]
  .text              ro code        0x3f4     0xa  cexit.o [5]
  .text              ro code        0x400    0x14  exit.o [6]
  .text              ro code        0x414    0x1c  cstartup_M.o [5]
  Initializer bytes  const          0x430     0x8  <for P2-1>
  .rodata            const          0x438     0x0  zero_init3.o [5]
  .rodata            const          0x438     0x0  copy_init3.o [5]
                                  - 0x438   0x3f8

"P2", part 1 of 3:                            0x8
  P2-1                        0x2000'0000     0x8  <Init block>
    .data            inited   0x2000'0000     0x8  XShttio.o [2]
                            - 0x2000'0008     0x8

"P2", part 2 of 3:                          0x668
  VTABLE             zero     0x2000'0400   0x26c  interrupt.o [3]
  .bss               zero     0x2000'066c     0x4  main.o [1]
                            - 0x2000'0670   0x668

"P2", part 3 of 3:                         0x1000
  CSTACK                      0x2000'0670  0x1000  <Block>
    CSTACK           uninit   0x2000'0670  0x1000  <Block tail>
                            - 0x2000'1670  0x1000

Unused ranges:

         From           To      Size
         ----           --      ----
        0x438     0x3'ffff  0x3'fbc8
  0x2000'1670  0x2000'7fff    0x6990


*******************************************************************************
*** INIT TABLE
***

          Address      Size
          -------      ----
Zero (__iar_zero_init3)
    1 destination range, total size 0x270:
          0x2000'0400  0x270

Copy (__iar_copy_init3)
    1 source range, total size 0x8:
                0x430    0x8
    1 destination range, total size 0x8:
          0x2000'0000    0x8



*******************************************************************************
*** MODULE SUMMARY
***

    Module            ro code  ro data  rw data
    ------            -------  -------  -------
command line/config:
    -------------------------------------------
    Total:

D:\Final embedded project Team 24\Debug\Obj: [1]
    main.o                164                 4
    -------------------------------------------
    Total:                164                 4

dl7M_tln.a: [2]
    XShttio.o               8        8        8
    exit.o                  4
    low_level_init.o        4
    -------------------------------------------
    Total:                 16        8        8

driverlib.a: [3]
    gpio.o                334
    interrupt.o            48               620
    sysctl.o               32
    systick.o              64
    -------------------------------------------
    Total:                478               620

m7M_tls.a: [4]
    fpinit_M.o             34
    -------------------------------------------
    Total:                 34

rt7M_tl.a: [5]
    cexit.o                10
    cmain.o                30
    copy_init3.o           42
    cstartup_M.o           28
    data_init.o            40
    vector_table_M.o       64
    vectortrap_M.o          2
    zero_init3.o           56
    -------------------------------------------
    Total:                272

shb_l.a: [6]
    exit.o                 20
    iarttio.o              44
    -------------------------------------------
    Total:                 64

    Gaps                    6        2    1'016
    Linker created                  36    4'096
-----------------------------------------------
    Grand Total:        1'034       46    5'744


*******************************************************************************
*** ENTRY LIST
***

Entry                       Address   Size  Type      Object
-----                       -------   ----  ----      ------
.iar.init_table$$Base         0x3a4          --   Gb  - Linker created -
.iar.init_table$$Limit        0x3c8          --   Gb  - Linker created -
?main                         0x3cd         Code  Gb  cmain.o [5]
BusFault_Handler              0x3c9         Code  Wk  vectortrap_M.o [5]
CSTACK$$Base            0x2000'0670          --   Gb  - Linker created -
CSTACK$$Limit           0x2000'1670          --   Gb  - Linker created -
Counter                 0x2000'066c    0x4  Data  Gb  main.o [1]
DebugMon_Handler              0x3c9         Code  Wk  vectortrap_M.o [5]
GPIODirModeSet                 0x41   0x28  Code  Gb  gpio.o [3]
GPIOPadConfigSet               0x69   0xfe  Code  Gb  gpio.o [3]
GPIOPinRead                   0x167    0x6  Code  Gb  gpio.o [3]
GPIOPinTypeGPIOOutput         0x173    0xa  Code  Gb  gpio.o [3]
GPIOPinWrite                  0x16d    0x6  Code  Gb  gpio.o [3]
HardFault_Handler             0x3c9         Code  Wk  vectortrap_M.o [5]
IntRegister                   0x2bd   0x26  Code  Gb  interrupt.o [3]
MemManage_Handler             0x3c9         Code  Wk  vectortrap_M.o [5]
NMI_Handler                   0x3c9         Code  Wk  vectortrap_M.o [5]
PendSV_Handler                0x3c9         Code  Wk  vectortrap_M.o [5]
Region$$Table$$Base           0x3a4          --   Gb  - Linker created -
Region$$Table$$Limit          0x3c8          --   Gb  - Linker created -
SVC_Handler                   0x3c9         Code  Wk  vectortrap_M.o [5]
SysCtlPeripheralEnable        0x25d    0x8  Code  Gb  sysctl.o [3]
SysTickEnable                 0x27d    0xc  Code  Gb  systick.o [3]
SysTickIntEnable              0x29f    0xc  Code  Gb  systick.o [3]
SysTickIntRegister            0x289   0x16  Code  Gb  systick.o [3]
SysTickPeriodSet              0x2ab    0x8  Code  Gb  systick.o [3]
SysTick_Handler               0x3c9         Code  Wk  vectortrap_M.o [5]
UsageFault_Handler            0x3c9         Code  Wk  vectortrap_M.o [5]
__cmain                       0x3cd         Code  Gb  cmain.o [5]
__exit                        0x401   0x14  Code  Gb  exit.o [6]
__iar_close_ttio              0x325   0x2c  Code  Gb  iarttio.o [6]
__iar_copy_init3              0x18f   0x2a  Code  Gb  copy_init3.o [5]
__iar_data_init3              0x359   0x28  Code  Gb  data_init.o [5]
__iar_init_vfp                0x381         Code  Gb  fpinit_M.o [4]
__iar_lookup_ttioh            0x351    0x8  Code  Gb  XShttio.o [2]
__iar_program_start           0x415         Code  Gb  cstartup_M.o [5]
__iar_ttio_handles      0x2000'0000    0x8  Data  Lc  XShttio.o [2]
__iar_zero_init3              0x2ed   0x38  Code  Gb  zero_init3.o [5]
__low_level_init              0x3eb    0x4  Code  Gb  low_level_init.o [2]
__vector_table                  0x0         Data  Gb  vector_table_M.o [5]
_call_main                    0x3d9         Code  Gb  cmain.o [5]
_exit                         0x3f5         Code  Gb  cexit.o [5]
blinky1                       0x1b9   0x30  Code  Gb  main.o [1]
blinky2                       0x1e9   0x2c  Code  Gb  main.o [1]
exit                          0x3ef    0x4  Code  Gb  exit.o [2]
g_pfnRAMVectors         0x2000'0400  0x26c  Data  Lc  interrupt.o [3]
main                          0x221   0x28  Code  Gb  main.o [1]
sys_handler                   0x215    0xa  Code  Gb  main.o [1]


[1] = D:\Final embedded project Team 24\Debug\Obj
[2] = dl7M_tln.a
[3] = driverlib.a
[4] = m7M_tls.a
[5] = rt7M_tl.a
[6] = shb_l.a

  1'034 bytes of readonly  code memory
     46 bytes of readonly  data memory
  5'744 bytes of readwrite data memory

Errors: none
Warnings: 1
